I've searched for the current weather in Kanagawa Prefecture for you. 

According to the information I found, today's weather in Kanagawa Prefecture (Yokohama City) is expected to be **cloudy with a chance of sunshine**, with a high temperature of **16‹C** and a low temperature of **8‹C**. The precipitation probability is **low**, and it is not expected to rain.

Additionally, the wind is expected to be **weak**, and it will be a relatively **stable** day.

The AccuWeather reference suggests a high temperature of **around 17‹C** and a low temperature of **around 11‹C**.

Please note that this information is based on my previous search results, and the weather forecast may have changed since then. I recommend checking a reliable weather website or app, such as the Japan Meteorological Corporation or tenki.jp, for the most up-to-date and accurate information.

If you have any further questions or would like to discuss related topics, I'm here to help!
